// Jest Snapshot v1, https://goo.gl/fbAQLP

exports[`FilterPanel should correctly render 1`] = `
<div
  className="filter-panel"
>
  <input
    aria-label="Keywords or a phrase to search for"
    className="filter-panel__input"
    onChange={[Function]}
    placeholder="Search..."
    type="search"
    value="test"
  />
  <label
    className="filter-panel__label"
    htmlFor="country-select"
  >
    <span>
      Country:
    </span>
    <select
      className="filter-panel__select filter-panel__country-select"
      id="country-select"
      onChange={[Function]}
      value="nl"
    >
      <option
        value="us"
      >
        United States of America
      </option>
      <option
        value="nl"
      >
        Nederland
      </option>
      <option
        value="uk"
      >
        United Kingdom
      </option>
    </select>
  </label>
  <label
    className="filter-panel__label"
    htmlFor="category-select"
  >
    <span>
      Category:
    </span>
    <select
      className="filter-panel__select filter-panel__category-select"
      id="category-select"
      onChange={[Function]}
      value="sports"
    >
      <option
        value="general"
      >
        general
      </option>
      <option
        value="sports"
      >
        sports
      </option>
      <option
        value="buisness"
      >
        buisness
      </option>
    </select>
  </label>
</div>
`;
